// Jest Snapshot v1, https://goo.gl/fbAQLP

exports[`Select component should match snapshot 1`] = `
.c0 {
  font-size: 13px;
  line-height: 16px;
  display: block;
  color: #778CA3;
  margin-bottom: 4px;
}

.c4 {
  font-size: 13px;
  line-height: 16px;
  color: #00234B;
  opacity: 0.5;
  margin-top: 8px;
}

.c1 {
  position: relative;
}

.c2 {
  font-size: 20px;
  line-height: 24px;
  border: none;
  border-bottom: 1px solid #CED5DB;
  color: #00234B;
  outline: none;
  padding-bottom: 8px;
  width: 100%;
  -moz-appearance: none;
  -webkit-appearance: none;
}

.c2::-ms-expand {
  display: none;
}

.c3 {
  position: absolute;
  right: 16px;
  top: 8px;
  display: -webkit-inline-box;
  display: -webkit-inline-flex;
  display: -ms-inline-flexbox;
  display: inline-flex;
  width: 10px;
  height: 10px;
  border-left: 2px solid #CED5DB;
  border-bottom: 2px solid #CED5DB;
  -webkit-transform: rotate(-45deg);
  -ms-transform: rotate(-45deg);
  transform: rotate(-45deg);
}

<div>
  <div>
    <label
      class="c0"
      for="test"
    >
      Test
    </label>
    <div
      class="c1"
    >
      <select
        class="c2"
        id="test"
        name="test"
      >
        <option
          value="Test 1"
        >
          Test 1
        </option>
        <option
          value="Test 2"
        >
          Test 2
        </option>
        <option
          value="Test 3"
        >
          Test 3
        </option>
      </select>
      <span
        class="c3"
      />
    </div>
    <div
      class="c4"
    >
      Test helper
    </div>
  </div>
</div>
`;
