// Jest Snapshot v1, https://goo.gl/fbAQLP

exports[`FormTitle component should match snapshot 1`] = `
.c0 {
  display: grid;
  grid-row-gap: 4px;
  padding: 34px 36px 30px 36px;
  border-bottom: 1px solid #EAEDF3;
}

.c1 {
  color: #00234B;
  font-weight: 500;
  font-size: 22px;
  line-height: 27px;
}

.c2 {
  color: #525F7F;
  font-size: 14px;
  line-height: 22px;
}

<div>
  <div
    class="c0"
  >
    <h1
      class="c1"
    >
      Test
    </h1>
    <p
      class="c2"
    >
      Test Description
    </p>
  </div>
</div>
`;
